
> rich-dad-poor-dad-summary@1.0.0 backend:dev
> nodemon backend/server.js

[33m[nodemon] 3.1.14[39m
[33m[nodemon] to restart at any time, enter `rs`[39m
[33m[nodemon] watching path(s): *.*[39m
[33m[nodemon] watching extensions: js,mjs,cjs,json[39m
[32m[nodemon] starting `node backend/server.js`[39m
Server failed to start MongooseServerSelectionError: connect ECONNREFUSED 127.0.0.1:27017
    at _handleConnectionErrors (E:\Khushi\book-summary-app\node_modules\mongoose\lib\connection.js:1169:11)
    at NativeConnection.openUri (E:\Khushi\book-summary-app\node_modules\mongoose\lib\connection.js:1100:11)
    at async connectDB (E:\Khushi\book-summary-app\backend\config\db.js:6:3)
    at async start (E:\Khushi\book-summary-app\backend\server.js:9:3) {
  errorLabelSet: Set(0) {},
  reason: TopologyDescription {
    type: 'Unknown',
    servers: Map(1) { '127.0.0.1:27017' => [ServerDescription] },
    stale: false,
    compatible: true,
    heartbeatFrequencyMS: 10000,
    localThresholdMS: 15,
    setName: null,
    maxElectionId: null,
    maxSetVersion: null,
    commonWireVersion: 0,
    logicalSessionTimeoutMinutes: null
  },
  code: undefined,
  cause: TopologyDescription {
    type: 'Unknown',
    servers: Map(1) { '127.0.0.1:27017' => [ServerDescription] },
    stale: false,
    compatible: true,
    heartbeatFrequencyMS: 10000,
    localThresholdMS: 15,
    setName: null,
    maxElectionId: null,
    maxSetVersion: null,
    commonWireVersion: 0,
    logicalSessionTimeoutMinutes: null
  }
}
[31m[nodemon] app crashed - waiting for file changes before starting...[39m
[32m[nodemon] restarting due to changes...[39m
[32m[nodemon] starting `node backend/server.js`[39m
[32m[nodemon] restarting due to changes...[39m
[32m[nodemon] starting `node backend/server.js`[39m
Server failed to start: connect ECONNREFUSED 127.0.0.1:27017
MongoDB is not reachable. Start MongoDB or update MONGODB_URI in backend/.env.
[31m[nodemon] app crashed - waiting for file changes before starting...[39m
[32m[nodemon] restarting due to changes...[39m
[32m[nodemon] starting `node backend/server.js`[39m
[32m[nodemon] restarting due to changes...[39m
[32m[nodemon] starting `node backend/server.js`[39m
[32m[nodemon] restarting due to changes...[39m
[32m[nodemon] restarting due to changes...[39m
[32m[nodemon] starting `node backend/server.js`[39m
[32m[nodemon] restarting due to changes...[39m
[32m[nodemon] restarting due to changes...[39m
[32m[nodemon] starting `node backend/server.js`[39m
[32m[nodemon] restarting due to changes...[39m
[32m[nodemon] restarting due to changes...[39m
[32m[nodemon] starting `node backend/server.js`[39m
Server failed to start: connect ECONNREFUSED 127.0.0.1:27017
MongoDB is not reachable. Start MongoDB or update MONGODB_URI in backend/.env.
[31m[nodemon] app crashed - waiting for file changes before starting...[39m
[32m[nodemon] restarting due to changes...[39m
[32m[nodemon] starting `node backend/server.js`[39m
Server failed to start: connect ECONNREFUSED 127.0.0.1:27017
MongoDB is not reachable. Start MongoDB or update MONGODB_URI in backend/.env.
[31m[nodemon] app crashed - waiting for file changes before starting...[39m
[32m[nodemon] restarting due to changes...[39m
[32m[nodemon] starting `node backend/server.js`[39m
Server failed to start: connect ECONNREFUSED 127.0.0.1:27017
MongoDB is not reachable. Start MongoDB or update MONGODB_URI in backend/.env.
[31m[nodemon] app crashed - waiting for file changes before starting...[39m
[32m[nodemon] restarting due to changes...[39m
[32m[nodemon] starting `node backend/server.js`[39m
Server failed to start: connect ECONNREFUSED 127.0.0.1:27017
MongoDB is not reachable. Start MongoDB or update MONGODB_URI in backend/.env.
[31m[nodemon] app crashed - waiting for file changes before starting...[39m
[32m[nodemon] restarting due to changes...[39m
[32m[nodemon] starting `node backend/server.js`[39m
Server failed to start: connect ECONNREFUSED 127.0.0.1:27017
MongoDB is not reachable. Start MongoDB or update MONGODB_URI in backend/.env.
[31m[nodemon] app crashed - waiting for file changes before starting...[39m
[32m[nodemon] restarting due to changes...[39m
[32m[nodemon] starting `node backend/server.js`[39m
Server failed to start: connect ECONNREFUSED 127.0.0.1:27017
MongoDB is not reachable. Start MongoDB or update MONGODB_URI in backend/.env.
[31m[nodemon] app crashed - waiting for file changes before starting...[39m
